# serializer version: 1
# name: test_transferwise
  <Statement> {   'account_id': 'TW1',
      'account_type': 'CHECKING',
      'bank_id': None,
      'currency': 'USD',
      'invest_lines': [],
      'lines': [   <StatementLine> {   'amount': Decimal('-357.38'),
      'bank_account_to': <BankAccount> {   'acct_id': 'LT21 1111 2222 3333 4444',
      'acct_key': None,
      'acct_type': 'CHECKING',
      'bank_id': '',
      'branch_id': None},
      'check_no': None,
      'date': datetime.datetime(2020, 8, 24, 0, 0),
      'date_user': None,
      'id': 'be6408d9bbe3e3911894f376ea61db777b6ad6b3',
      'memo': 'Sent money to John Doe (Moving to Revolut), 0.84840 USD/EUR',
      'payee': None,
      'refnum': 'TRANSFER-175545673',
      'trntype': 'CREDIT'},
                   <StatementLine> {   'amount': Decimal('-11.35'),
      'check_no': None,
      'date': datetime.datetime(2020, 8, 24, 0, 0),
      'date_user': None,
      'id': '5c4f8d3a9cf52c60b5f10ebfad25103e129326f7',
      'memo': 'TransferWise Charges for: TRANSFER-175545673 (Sending money)',
      'payee': None,
      'refnum': 'TRANSFER-175545673',
      'trntype': 'CREDIT'},
                   <StatementLine> {   'amount': Decimal('125.00'),
      'check_no': None,
      'date': datetime.datetime(2020, 8, 24, 0, 0),
      'date_user': None,
      'id': 'a474ecf34286b851894500d6ec1d73e94a795a10',
      'memo': 'Received money from the friend. with reference ',
      'payee': None,
      'refnum': 'TRANSFER-175522746',
      'trntype': 'DEBIT'},
                   <StatementLine> {   'amount': Decimal('20.17'),
      'check_no': None,
      'date': datetime.datetime(2020, 8, 20, 0, 0),
      'date_user': None,
      'id': '99554757a35ed7163bd936f08ff83f17c0c73921',
      'memo': 'Topped up balance',
      'payee': None,
      'refnum': 'TRANSFER-174549828',
      'trntype': 'DEBIT'},
                   <StatementLine> {   'amount': Decimal('-0.17'),
      'check_no': None,
      'date': datetime.datetime(2020, 8, 20, 0, 0),
      'date_user': None,
      'id': '3f6edbaa1763c02fb5c5a702a5a7697bb3d4b881',
      'memo': 'TransferWise Charges for: TRANSFER-174549828',
      'payee': None,
      'refnum': 'TRANSFER-174549828',
      'trntype': 'CREDIT'}]}
# ---
