# serializer version: 1
# name: test_transferwise
  <Statement> {   'account_id': 'TW1',
      'account_type': 'CHECKING',
      'bank_id': None,
      'currency': 'USD',
      'invest_lines': [],
      'lines': [   <StatementLine> {   'amount': Decimal('-357.38'),
      'bank_account_to': <BankAccount> {   'acct_id': 'LT21 1111 2222 3333 4444',
      'acct_key': None,
      'acct_type': 'CHECKING',
      'bank_id': '',
      'branch_id': None},
      'check_no': None,
      'date': datetime.datetime(2020, 8, 24, 13, 43, 54, 496000),
      'date_user': None,
      'id': 'TRANSFER-175545673',
      'memo': 'Sent money to John Doe (Moving to Revolut), 0.84840 USD/EUR',
      'payee': None,
      'refnum': None,
      'trntype': 'DEBIT'},
                   <StatementLine> {   'amount': Decimal('-11.35'),
      'check_no': None,
      'date': datetime.datetime(2020, 8, 24, 8, 12, 37, 495000),
      'date_user': None,
      'id': 'TRANSFER-175545673',
      'memo': 'TransferWise Charges for: TRANSFER-175545673 (Sending money)',
      'payee': None,
      'refnum': None,
      'trntype': 'DEBIT'},
                   <StatementLine> {   'amount': Decimal('125.00'),
      'check_no': None,
      'date': datetime.datetime(2020, 8, 24, 19, 27, 5, 726000),
      'date_user': None,
      'id': 'TRANSFER-175522746',
      'memo': 'Received money from the friend. with reference ',
      'payee': None,
      'refnum': None,
      'trntype': 'CREDIT'},
                   <StatementLine> {   'amount': Decimal('20.17'),
      'check_no': None,
      'date': datetime.datetime(2020, 8, 20, 16, 1, 22, 725000),
      'date_user': None,
      'id': 'TRANSFER-174549828',
      'memo': 'Topped up balance',
      'payee': None,
      'refnum': None,
      'trntype': 'CREDIT'},
                   <StatementLine> {   'amount': Decimal('-0.17'),
      'check_no': None,
      'date': datetime.datetime(2020, 8, 20, 5, 55, 41, 960000),
      'date_user': None,
      'id': 'TRANSFER-174549828',
      'memo': 'TransferWise Charges for: TRANSFER-174549828',
      'payee': None,
      'refnum': None,
      'trntype': 'DEBIT'}]}
# ---
